Archive member included to satisfy reference by file (symbol)

C:/ST/STM32CubeIDE_1.13.2/STM32CubeIDE/plugins/com.st.stm32cube.ide.mcu.externaltools.gnu-tools-for-stm32.11.3.rel1.win32_1.1.1.202309131626/tools/bin/../lib/gcc/arm-none-eabi/11.3.1/../../../../arm-none-eabi/lib/thumb/v7e-m+fp/hard\libc_nano.a(libc_a-exit.o)
                              C:/ST/STM32CubeIDE_1.13.2/STM32CubeIDE/plugins/com.st.stm32cube.ide.mcu.externaltools.gnu-tools-for-stm32.11.3.rel1.win32_1.1.1.202309131626/tools/bin/../lib/gcc/arm-none-eabi/11.3.1/../../../../arm-none-eabi/lib/thumb/v7e-m+fp/hard/crt0.o (exit)
C:/ST/STM32CubeIDE_1.13.2/STM32CubeIDE/plugins/com.st.stm32cube.ide.mcu.externaltools.gnu-tools-for-stm32.11.3.rel1.win32_1.1.1.202309131626/tools/bin/../lib/gcc/arm-none-eabi/11.3.1/../../../../arm-none-eabi/lib/thumb/v7e-m+fp/hard\libc_nano.a(libc_a-findfp.o)
                              C:/ST/STM32CubeIDE_1.13.2/STM32CubeIDE/plugins/com.st.stm32cube.ide.mcu.externaltools.gnu-tools-for-stm32.11.3.rel1.win32_1.1.1.202309131626/tools/bin/../lib/gcc/arm-none-eabi/11.3.1/../../../../arm-none-eabi/lib/thumb/v7e-m+fp/hard\libc_nano.a(libc_a-exit.o) (__stdio_exit_handler)
C:/ST/STM32CubeIDE_1.13.2/STM32CubeIDE/plugins/com.st.stm32cube.ide.mcu.externaltools.gnu-tools-for-stm32.11.3.rel1.win32_1.1.1.202309131626/tools/bin/../lib/gcc/arm-none-eabi/11.3.1/../../../../arm-none-eabi/lib/thumb/v7e-m+fp/hard\libc_nano.a(libc_a-fwalk.o)
                              C:/ST/STM32CubeIDE_1.13.2/STM32CubeIDE/plugins/com.st.stm32cube.ide.mcu.externaltools.gnu-tools-for-stm32.11.3.rel1.win32_1.1.1.202309131626/tools/bin/../lib/gcc/arm-none-eabi/11.3.1/../../../../arm-none-eabi/lib/thumb/v7e-m+fp/hard\libc_nano.a(libc_a-findfp.o) (_fwalk_sglue)
C:/ST/STM32CubeIDE_1.13.2/STM32CubeIDE/plugins/com.st.stm32cube.ide.mcu.externaltools.gnu-tools-for-stm32.11.3.rel1.win32_1.1.1.202309131626/tools/bin/../lib/gcc/arm-none-eabi/11.3.1/../../../../arm-none-eabi/lib/thumb/v7e-m+fp/hard\libc_nano.a(libc_a-stdio.o)
                              C:/ST/STM32CubeIDE_1.13.2/STM32CubeIDE/plugins/com.st.stm32cube.ide.mcu.externaltools.gnu-tools-for-stm32.11.3.rel1.win32_1.1.1.202309131626/tools/bin/../lib/gcc/arm-none-eabi/11.3.1/../../../../arm-none-eabi/lib/thumb/v7e-m+fp/hard\libc_nano.a(libc_a-findfp.o) (__sread)
C:/ST/STM32CubeIDE_1.13.2/STM32CubeIDE/plugins/com.st.stm32cube.ide.mcu.externaltools.gnu-tools-for-stm32.11.3.rel1.win32_1.1.1.202309131626/tools/bin/../lib/gcc/arm-none-eabi/11.3.1/../../../../arm-none-eabi/lib/thumb/v7e-m+fp/hard\libc_nano.a(libc_a-memset.o)
                              C:/ST/STM32CubeIDE_1.13.2/STM32CubeIDE/plugins/com.st.stm32cube.ide.mcu.externaltools.gnu-tools-for-stm32.11.3.rel1.win32_1.1.1.202309131626/tools/bin/../lib/gcc/arm-none-eabi/11.3.1/../../../../arm-none-eabi/lib/thumb/v7e-m+fp/hard/crt0.o (memset)
C:/ST/STM32CubeIDE_1.13.2/STM32CubeIDE/plugins/com.st.stm32cube.ide.mcu.externaltools.gnu-tools-for-stm32.11.3.rel1.win32_1.1.1.202309131626/tools/bin/../lib/gcc/arm-none-eabi/11.3.1/../../../../arm-none-eabi/lib/thumb/v7e-m+fp/hard\libc_nano.a(libc_a-closer.o)
                              C:/ST/STM32CubeIDE_1.13.2/STM32CubeIDE/plugins/com.st.stm32cube.ide.mcu.externaltools.gnu-tools-for-stm32.11.3.rel1.win32_1.1.1.202309131626/tools/bin/../lib/gcc/arm-none-eabi/11.3.1/../../../../arm-none-eabi/lib/thumb/v7e-m+fp/hard\libc_nano.a(libc_a-stdio.o) (_close_r)
C:/ST/STM32CubeIDE_1.13.2/STM32CubeIDE/plugins/com.st.stm32cube.ide.mcu.externaltools.gnu-tools-for-stm32.11.3.rel1.win32_1.1.1.202309131626/tools/bin/../lib/gcc/arm-none-eabi/11.3.1/../../../../arm-none-eabi/lib/thumb/v7e-m+fp/hard\libc_nano.a(libc_a-reent.o)
                              C:/ST/STM32CubeIDE_1.13.2/STM32CubeIDE/plugins/com.st.stm32cube.ide.mcu.externaltools.gnu-tools-for-stm32.11.3.rel1.win32_1.1.1.202309131626/tools/bin/../lib/gcc/arm-none-eabi/11.3.1/../../../../arm-none-eabi/lib/thumb/v7e-m+fp/hard\libc_nano.a(libc_a-closer.o) (errno)
C:/ST/STM32CubeIDE_1.13.2/STM32CubeIDE/plugins/com.st.stm32cube.ide.mcu.externaltools.gnu-tools-for-stm32.11.3.rel1.win32_1.1.1.202309131626/tools/bin/../lib/gcc/arm-none-eabi/11.3.1/../../../../arm-none-eabi/lib/thumb/v7e-m+fp/hard\libc_nano.a(libc_a-impure.o)
                              C:/ST/STM32CubeIDE_1.13.2/STM32CubeIDE/plugins/com.st.stm32cube.ide.mcu.externaltools.gnu-tools-for-stm32.11.3.rel1.win32_1.1.1.202309131626/tools/bin/../lib/gcc/arm-none-eabi/11.3.1/../../../../arm-none-eabi/lib/thumb/v7e-m+fp/hard\libc_nano.a(libc_a-reent.o) (_impure_ptr)
C:/ST/STM32CubeIDE_1.13.2/STM32CubeIDE/plugins/com.st.stm32cube.ide.mcu.externaltools.gnu-tools-for-stm32.11.3.rel1.win32_1.1.1.202309131626/tools/bin/../lib/gcc/arm-none-eabi/11.3.1/../../../../arm-none-eabi/lib/thumb/v7e-m+fp/hard\libc_nano.a(libc_a-lseekr.o)
[...]
Memory Configuration

Name             Origin             Length             Attributes
RAM              0x0000000020000000 0x0000000000020000 xrw
FLASH            0x0000000008000000 0x0000000000080000 xr
*default*        0x0000000000000000 0xffffffffffffffff

Linker script and memory map

LOAD C:/ST/STM32CubeIDE_1.13.2/STM32CubeIDE/plugins/com.st.stm32cube.ide.mcu.externaltools.gnu-tools-for-stm32.11.3.rel1.win32_1.1.1.202309131626/tools/bin/../lib/gcc/arm-none-eabi/11.3.1/thumb/v7e-m+fp/hard/crti.o
LOAD C:/ST/STM32CubeIDE_1.13.2/STM32CubeIDE/plugins/com.st.stm32cube.ide.mcu.externaltools.gnu-tools-for-stm32.11.3.rel1.win32_1.1.1.202309131626/tools/bin/../lib/gcc/arm-none-eabi/11.3.1/thumb/v7e-m+fp/hard/crtbegin.o
LOAD C:/ST/STM32CubeIDE_1.13.2/STM32CubeIDE/plugins/com.st.stm32cube.ide.mcu.externaltools.gnu-tools-for-stm32.11.3.rel1.win32_1.1.1.202309131626/tools/bin/../lib/gcc/arm-none-eabi/11.3.1/../../../../arm-none-eabi/lib/thumb/v7e-m+fp/hard/crt0.o
LOAD ./Core/Src/main.o
LOAD ./Core/Src/pwm.o
LOAD ./Core/Src/stm32f4xx_hal_msp.o
LOAD ./Core/Src/stm32f4xx_it.o
LOAD ./Core/Src/syscalls.o
LOAD ./Core/Src/sysmem.o
LOAD ./Core/Src/system_stm32f4xx.o
LOAD ./Core/Src/uart.o
LOAD ./Core/Startup/startup_stm32f411vetx.o
LOAD ./Drivers/STM32F4xx_HAL_Driver/Src/stm32f4xx_hal.o
LOAD ./Drivers/STM32F4xx_HAL_Driver/Src/stm32f4xx_hal_cortex.o
LOAD ./Drivers/STM32F4xx_HAL_Driver/Src/stm32f4xx_hal_dma.o
LOAD ./Drivers/STM32F4xx_HAL_Driver/Src/stm32f4xx_hal_dma_ex.o
LOAD ./Drivers/STM32F4xx_HAL_Driver/Src/stm32f4xx_hal_exti.o
LOAD ./Drivers/STM32F4xx_HAL_Driver/Src/stm32f4xx_hal_flash.o
LOAD ./Drivers/STM32F4xx_HAL_Driver/Src/stm32f4xx_hal_flash_ex.o
LOAD ./Drivers/STM32F4xx_HAL_Driver/Src/stm32f4xx_hal_flash_ramfunc.o
LOAD ./Drivers/STM32F4xx_HAL_Driver/Src/stm32f4xx_hal_gpio.o
LOAD ./Drivers/STM32F4xx_HAL_Driver/Src/stm32f4xx_hal_pwr.o
LOAD ./Drivers/STM32F4xx_HAL_Driver/Src/stm32f4xx_hal_pwr_ex.o
LOAD ./Drivers/STM32F4xx_HAL_Driver/Src/stm32f4xx_hal_rcc.o
LOAD ./Drivers/STM32F4xx_HAL_Driver/Src/stm32f4xx_hal_rcc_ex.o
START GROUP
LOAD C:/ST/STM32CubeIDE_1.13.2/STM32CubeIDE/plugins/com.st.stm32cube.ide.mcu.externaltools.gnu-tools-for-stm32.11.3.rel1.win32_1.1.1.202309131626/tools/bin/../lib/gcc/arm-none-eabi/11.3.1/../../../../arm-none-eabi/lib/thumb/v7e-m+fp/hard\libc_nano.a
LOAD C:/ST/STM32CubeIDE_1.13.2/STM32CubeIDE/plugins/com.st.stm32cube.ide.mcu.externaltools.gnu-tools-for-stm32.11.3.rel1.win32_1.1.1.202309131626/tools/bin/../lib/gcc/arm-none-eabi/11.3.1/../../../../arm-none-eabi/lib/thumb/v7e-m+fp/hard\libm.a
END GROUP
START GROUP
LOAD C:/ST/STM32CubeIDE_1.13.2/STM32CubeIDE/plugins/com.st.stm32cube.ide.mcu.externaltools.gnu-tools-for-stm32.11.3.rel1.win32_1.1.1.202309131626/tools/bin/../lib/gcc/arm-none-eabi/11.3.1/thumb/v7e-m+fp/hard\libgcc.a
LOAD C:/ST/STM32CubeIDE_1.13.2/STM32CubeIDE/plugins/com.st.stm32cube.ide.mcu.externaltools.gnu-tools-for-stm32.11.3.rel1.win32_1.1.1.202309131626/tools/bin/../lib/gcc/arm-none-eabi/11.3.1/../../../../arm-none-eabi/lib/thumb/v7e-m+fp/hard\libc_nano.a
END GROUP
START GROUP
LOAD C:/ST/STM32CubeIDE_1.13.2/STM32CubeIDE/plugins/com.st.stm32cube.ide.mcu.externaltools.gnu-tools-for-stm32.11.3.rel1.win32_1.1.1.202309131626/tools/bin/../lib/gcc/arm-none-eabi/11.3.1/thumb/v7e-m+fp/hard\libgcc.a
LOAD C:/ST/STM32CubeIDE_1.13.2/STM32CubeIDE/plugins/com.st.stm32cube.ide.mcu.externaltools.gnu-tools-for-stm32.11.3.rel1.win32_1.1.1.202309131626/tools/bin/../lib/gcc/arm-none-eabi/11.3.1/../../../../arm-none-eabi/lib/thumb/v7e-m+fp/hard\libc_nano.a
LOAD C:/ST/STM32CubeIDE_1.13.2/STM32CubeIDE/plugins/com.st.stm32cube.ide.mcu.externaltools.gnu-tools-for-stm32.11.3.rel1.win32_1.1.1.202309131626/tools/bin/../lib/gcc/arm-none-eabi/11.3.1/../../../../arm-none-eabi/lib/thumb/v7e-m+fp/hard\libnosys.a
END GROUP
START GROUP
LOAD C:/ST/STM32CubeIDE_1.13.2/STM32CubeIDE/plugins/com.st.stm32cube.ide.mcu.externaltools.gnu-tools-for-stm32.11.3.rel1.win32_1.1.1.202309131626/tools/bin/../lib/gcc/arm-none-eabi/11.3.1/thumb/v7e-m+fp/hard\libgcc.a
LOAD C:/ST/STM32CubeIDE_1.13.2/STM32CubeIDE/plugins/com.st.stm32cube.ide.mcu.externaltools.gnu-tools-for-stm32.11.3.rel1.win32_1.1.1.202309131626/tools/bin/../lib/gcc/arm-none-eabi/11.3.1/../../../../arm-none-eabi/lib/thumb/v7e-m+fp/hard\libc_nano.a
LOAD C:/ST/STM32CubeIDE_1.13.2/STM32CubeIDE/plugins/com.st.stm32cube.ide.mcu.externaltools.gnu-tools-for-stm32.11.3.rel1.win32_1.1.1.202309131626/tools/bin/../lib/gcc/arm-none-eabi/11.3.1/../../../../arm-none-eabi/lib/thumb/v7e-m+fp/hard\libnosys.a
END GROUP
LOAD C:/ST/STM32CubeIDE_1.13.2/STM32CubeIDE/plugins/com.st.stm32cube.ide.mcu.externaltools.gnu-tools-for-stm32.11.3.rel1.win32_1.1.1.202309131626/tools/bin/../lib/gcc/arm-none-eabi/11.3.1/thumb/v7e-m+fp/hard/crtend.o
LOAD C:/ST/STM32CubeIDE_1.13.2/STM32CubeIDE/plugins/com.st.stm32cube.ide.mcu.externaltools.gnu-tools-for-stm32.11.3.rel1.win32_1.1.1.202309131626/tools/bin/../lib/gcc/arm-none-eabi/11.3.1/thumb/v7e-m+fp/hard/crtn.o
                0x0000000020020000                _estack = (ORIGIN (RAM) + LENGTH (RAM))
                0x0000000000000200                _Min_Heap_Size = 0x200
                0x0000000000000400                _Min_Stack_Size = 0x400

.isr_vector     0x0000000008000000      0x198
                0x0000000008000000                . = ALIGN (0x4)
 *(.isr_vector)
 .isr_vector    0x0000000008000000      0x198 ./Core/Startup/startup_stm32f411vetx.o
                0x0000000008000000                g_pfnVectors
                0x0000000008000198                . = ALIGN (0x4)

.text           0x0000000008000198      0x8c0
                0x0000000008000198                . = ALIGN (0x4)
 *(.text)
 .text          0x0000000008000198       0x40 C:/ST/STM32CubeIDE_1.13.2/STM32CubeIDE/plugins/com.st.stm32cube.ide.mcu.externaltools.gnu-tools-for-stm32.11.3.rel1.win32_1.1.1.202309131626/tools/bin/../lib/gcc/arm-none-eabi/11.3.1/thumb/v7e-m+fp/hard/crtbegin.o
 *(.text*)
 .text.main     0x00000000080001d8       0x2c ./Core/Src/main.o
                0x00000000080001d8                main
 .text.__NVIC_EnableIRQ
                0x0000000008000204       0x3c ./Core/Src/pwm.o
 .text.__NVIC_DisableIRQ
                0x0000000008000240       0x48 ./Core/Src/pwm.o
 .text.PWM_Init
                0x0000000008000288       0xb8 ./Core/Src/pwm.o
                0x0000000008000288                PWM_Init
 .text.Button_Init
                0x0000000008000340       0x30 ./Core/Src/pwm.o
                0x0000000008000340                Button_Init
 .text.TIM2_Init
                0x0000000008000370       0x54 ./Core/Src/pwm.o
                0x0000000008000370                TIM2_Init
 .text.TIM2_IRQHandler
                0x00000000080003c4       0x6c ./Core/Src/pwm.o
                0x00000000080003c4                TIM2_IRQHandler
 .text.Check_button_status
                0x0000000008000430       0x5c ./Core/Src/pwm.o
                0x0000000008000430                Check_button_status
 .text.modify_duty_cycle
                0x000000000800048c       0xe8 ./Core/Src/pwm.o
                0x000000000800048c                modify_duty_cycle
 .text.NMI_Handler
                0x0000000008000574        0x6 ./Core/Src/stm32f4xx_it.o
                0x0000000008000574                NMI_Handler
 .text.HardFault_Handler
                0x000000000800057a        0x6 ./Core/Src/stm32f4xx_it.o
                0x000000000800057a                HardFault_Handler
 .text.MemManage_Handler
                0x0000000008000580        0x6 ./Core/Src/stm32f4xx_it.o
                0x0000000008000580                MemManage_Handler
 .text.BusFault_Handler
                0x0000000008000586        0x6 ./Core/Src/stm32f4xx_it.o
                0x0000000008000586                BusFault_Handler
 .text.UsageFault_Handler
                0x000000000800058c        0x6 ./Core/Src/stm32f4xx_it.o
                0x000000000800058c                UsageFault_Handler
 .text.SVC_Handler
                0x0000000008000592        0xe ./Core/Src/stm32f4xx_it.o
                0x0000000008000592                SVC_Handler
 .text.DebugMon_Handler
                0x00000000080005a0        0xe ./Core/Src/stm32f4xx_it.o
                0x00000000080005a0                DebugMon_Handler
 .text.PendSV_Handler
                0x00000000080005ae        0xe ./Core/Src/stm32f4xx_it.o
                0x00000000080005ae                PendSV_Handler
 .text.SysTick_Handler
                0x00000000080005bc        0xc ./Core/Src/stm32f4xx_it.o
                0x00000000080005bc                SysTick_Handler
 .text.SystemInit
                0x00000000080005c8       0x24 ./Core/Src/system_stm32f4xx.o
                0x00000000080005c8                SystemInit
 .text.__NVIC_EnableIRQ
                0x00000000080005ec       0x3c ./Core/Src/uart.o
 .text.UART_Init
                0x0000000008000628       0x6c ./Core/Src/uart.o
                0x0000000008000628                UART_Init
 .text.USART_Tx
                0x0000000008000694       0x34 ./Core/Src/uart.o
                0x0000000008000694                USART_Tx
 .text.USART2_IRQHandler
                0x00000000080006c8       0xd0 ./Core/Src/uart.o
                0x00000000080006c8                USART2_IRQHandler
 .text.Tx_char  0x0000000008000798       0x64 ./Core/Src/uart.o
                0x0000000008000798                Tx_char
 .text.print_uart
                0x00000000080007fc       0xbc ./Core/Src/uart.o
                0x00000000080007fc                print_uart
 .text.print_decimal
                0x00000000080008b8       0x94 ./Core/Src/uart.o
                0x00000000080008b8                print_decimal
 .text.print_string
                0x000000000800094c       0x2e ./Core/Src/uart.o
                0x000000000800094c                print_string
 *fill*         0x000000000800097a        0x2 
 .text.Reset_Handler
                0x000000000800097c       0x50 ./Core/Startup/startup_stm32f411vetx.o
                0x000000000800097c                Reset_Handler
 .text.Default_Handler
                0x00000000080009cc        0x2 ./Core/Startup/startup_stm32f411vetx.o
                0x00000000080009cc                RTC_Alarm_IRQHandler
                0x00000000080009cc                EXTI2_IRQHandler
                0x00000000080009cc                SPI4_IRQHandler
                0x00000000080009cc                TIM1_CC_IRQHandler
                0x00000000080009cc                DMA2_Stream5_IRQHandler
                0x00000000080009cc                DMA1_Stream5_IRQHandler
                0x00000000080009cc                PVD_IRQHandler
                0x00000000080009cc                SDIO_IRQHandler
                0x00000000080009cc                TAMP_STAMP_IRQHandler
                0x00000000080009cc                EXTI3_IRQHandler
                0x00000000080009cc                TIM1_UP_TIM10_IRQHandler
                0x00000000080009cc                I2C3_ER_IRQHandler
                0x00000000080009cc                EXTI0_IRQHandler
                0x00000000080009cc                I2C2_EV_IRQHandler
                0x00000000080009cc                DMA1_Stream2_IRQHandler
                0x00000000080009cc                FPU_IRQHandler
                0x00000000080009cc                DMA2_Stream2_IRQHandler
                0x00000000080009cc                SPI1_IRQHandler
                0x00000000080009cc                TIM1_BRK_TIM9_IRQHandler
                0x00000000080009cc                DMA2_Stream3_IRQHandler
                0x00000000080009cc                USART6_IRQHandler
                0x00000000080009cc                DMA2_Stream0_IRQHandler
                0x00000000080009cc                TIM4_IRQHandler
                0x00000000080009cc                I2C1_EV_IRQHandler
                0x00000000080009cc                DMA1_Stream6_IRQHandler
                0x00000000080009cc                DMA1_Stream1_IRQHandler
                0x00000000080009cc                TIM3_IRQHandler
                0x00000000080009cc                RCC_IRQHandler
                0x00000000080009cc                Default_Handler
                0x00000000080009cc                EXTI15_10_IRQHandler
                0x00000000080009cc                ADC_IRQHandler
                0x00000000080009cc                DMA1_Stream7_IRQHandler
                0x00000000080009cc                SPI5_IRQHandler
                0x00000000080009cc                TIM5_IRQHandler
                0x00000000080009cc                DMA2_Stream7_IRQHandler
                0x00000000080009cc                I2C3_EV_IRQHandler
                0x00000000080009cc                EXTI9_5_IRQHandler
                0x00000000080009cc                RTC_WKUP_IRQHandler
                0x00000000080009cc                SPI2_IRQHandler
                0x00000000080009cc                DMA1_Stream0_IRQHandler
                0x00000000080009cc                EXTI4_IRQHandler
                0x00000000080009cc                WWDG_IRQHandler
                0x00000000080009cc                OTG_FS_WKUP_IRQHandler
                0x00000000080009cc                TIM1_TRG_COM_TIM11_IRQHandler
                0x00000000080009cc                EXTI1_IRQHandler
                0x00000000080009cc                I2C2_ER_IRQHandler
                0x00000000080009cc                DMA2_Stream1_IRQHandler
                0x00000000080009cc                FLASH_IRQHandler
                0x00000000080009cc                DMA2_Stream4_IRQHandler
                0x00000000080009cc                USART1_IRQHandler
                0x00000000080009cc                OTG_FS_IRQHandler
                0x00000000080009cc                SPI3_IRQHandler
                0x00000000080009cc                DMA1_Stream4_IRQHandler
                0x00000000080009cc                I2C1_ER_IRQHandler
                0x00000000080009cc                DMA2_Stream6_IRQHandler
                0x00000000080009cc                DMA1_Stream3_IRQHandler
 *fill*         0x00000000080009ce        0x2 
 .text.HAL_IncTick
                0x00000000080009d0       0x28 ./Drivers/STM32F4xx_HAL_Driver/Src/stm32f4xx_hal.o
                0x00000000080009d0                HAL_IncTick
 .text.__libc_init_array
                0x00000000080009f8       0x48 C:/ST/STM32CubeIDE_1.13.2/STM32CubeIDE/plugins/com.st.stm32cube.ide.mcu.externaltools.gnu-tools-for-stm32.11.3.rel1.win32_1.1.1.202309131626/tools/bin/../lib/gcc/arm-none-eabi/11.3.1/../../../../arm-none-eabi/lib/thumb/v7e-m+fp/hard\libc_nano.a(libc_a-init.o)
                0x00000000080009f8                __libc_init_array
 *(.glue_7)
 .glue_7        0x0000000008000a40        0x0 linker stubs
 *(.glue_7t)
 .glue_7t       0x0000000008000a40        0x0 linker stubs
 *(.eh_frame)
 .eh_frame      0x0000000008000a40        0x0 C:/ST/STM32CubeIDE_1.13.2/STM32CubeIDE/plugins/com.st.stm32cube.ide.mcu.externaltools.gnu-tools-for-stm32.11.3.rel1.win32_1.1.1.202309131626/tools/bin/../lib/gcc/arm-none-eabi/11.3.1/thumb/v7e-m+fp/hard/crtbegin.o
 *(.init)
 .init          0x0000000008000a40        0x4 C:/ST/STM32CubeIDE_1.13.2/STM32CubeIDE/plugins/com.st.stm32cube.ide.mcu.externaltools.gnu-tools-for-stm32.11.3.rel1.win32_1.1.1.202309131626/tools/bin/../lib/gcc/arm-none-eabi/11.3.1/thumb/v7e-m+fp/hard/crti.o
                0x0000000008000a40                _init
 .init          0x0000000008000a44        0x8 C:/ST/STM32CubeIDE_1.13.2/STM32CubeIDE/plugins/com.st.stm32cube.ide.mcu.externaltools.gnu-tools-for-stm32.11.3.rel1.win32_1.1.1.202309131626/tools/bin/../lib/gcc/arm-none-eabi/11.3.1/thumb/v7e-m+fp/hard/crtn.o
 *(.fini)
 .fini          0x0000000008000a4c        0x4 C:/ST/STM32CubeIDE_1.13.2/STM32CubeIDE/plugins/com.st.stm32cube.ide.mcu.externaltools.gnu-tools-for-stm32.11.3.rel1.win32_1.1.1.202309131626/tools/bin/../lib/gcc/arm-none-eabi/11.3.1/thumb/v7e-m+fp/hard/crti.o
                0x0000000008000a4c                _fini
 .fini          0x0000000008000a50        0x8 C:/ST/STM32CubeIDE_1.13.2/STM32CubeIDE/plugins/com.st.stm32cube.ide.mcu.externaltools.gnu-tools-for-stm32.11.3.rel1.win32_1.1.1.202309131626/tools/bin/../lib/gcc/arm-none-eabi/11.3.1/thumb/v7e-m+fp/hard/crtn.o
                0x0000000008000a58                . = ALIGN (0x4)
                0x0000000008000a58                _etext = .

.vfp11_veneer   0x0000000008000a58        0x0
 .vfp11_veneer  0x0000000008000a58        0x0 linker stubs

.v4_bx          0x0000000008000a58        0x0
 .v4_bx         0x0000000008000a58        0x0 linker stubs

.iplt           0x0000000008000a58        0x0
 .iplt          0x0000000008000a58        0x0 C:/ST/STM32CubeIDE_1.13.2/STM32CubeIDE/plugins/com.st.stm32cube.ide.mcu.externaltools.gnu-tools-for-stm32.11.3.rel1.win32_1.1.1.202309131626/tools/bin/../lib/gcc/arm-none-eabi/11.3.1/thumb/v7e-m+fp/hard/crtbegin.o

.rodata         0x0000000008000a58       0x54
                0x0000000008000a58                . = ALIGN (0x4)
 *(.rodata)
 .rodata        0x0000000008000a58       0x39 ./Core/Src/pwm.o
 *fill*         0x0000000008000a91        0x3 
 .rodata        0x0000000008000a94       0x15 ./Core/Src/uart.o
 *(.rodata*)
                0x0000000008000aac                . = ALIGN (0x4)
 *fill*         0x0000000008000aa9        0x3 

.rel.dyn        0x0000000008000aac        0x0
 .rel.iplt      0x0000000008000aac        0x0 C:/ST/STM32CubeIDE_1.13.2/STM32CubeIDE/plugins/com.st.stm32cube.ide.mcu.externaltools.gnu-tools-for-stm32.11.3.rel1.win32_1.1.1.202309131626/tools/bin/../lib/gcc/arm-none-eabi/11.3.1/thumb/v7e-m+fp/hard/crtbegin.o

.ARM.extab      0x0000000008000aac        0x0
                0x0000000008000aac                . = ALIGN (0x4)
 *(.ARM.extab* .gnu.linkonce.armextab.*)
                0x0000000008000aac                . = ALIGN (0x4)

.ARM            0x0000000008000aac        0x0
                0x0000000008000aac                . = ALIGN (0x4)
                0x0000000008000aac                __exidx_start = .
 *(.ARM.exidx*)
                0x0000000008000aac                __exidx_end = .
                0x0000000008000aac                . = ALIGN (0x4)

.preinit_array  0x0000000008000aac        0x0
                0x0000000008000aac                . = ALIGN (0x4)
                0x0000000008000aac                PROVIDE (__preinit_array_start = .)
 *(.preinit_array*)
                0x0000000008000aac                PROVIDE (__preinit_array_end = .)
                0x0000000008000aac                . = ALIGN (0x4)

.init_array     0x0000000008000aac        0x4
                0x0000000008000aac                . = ALIGN (0x4)
                0x0000000008000aac                PROVIDE (__init_array_start = .)
 *(SORT_BY_NAME(.init_array.*))
 *(.init_array*)
 .init_array    0x0000000008000aac        0x4 C:/ST/STM32CubeIDE_1.13.2/STM32CubeIDE/plugins/com.st.stm32cube.ide.mcu.externaltools.gnu-tools-for-stm32.11.3.rel1.win32_1.1.1.202309131626/tools/bin/../lib/gcc/arm-none-eabi/11.3.1/thumb/v7e-m+fp/hard/crtbegin.o
                0x0000000008000ab0                PROVIDE (__init_array_end = .)
                0x0000000008000ab0                . = ALIGN (0x4)

.fini_array     0x0000000008000ab0        0x4
                0x0000000008000ab0                . = ALIGN (0x4)
                [!provide]                        PROVIDE (__fini_array_start = .)
 *(SORT_BY_NAME(.fini_array.*))
 *(.fini_array*)
 .fini_array    0x0000000008000ab0        0x4 C:/ST/STM32CubeIDE_1.13.2/STM32CubeIDE/plugins/com.st.stm32cube.ide.mcu.externaltools.gnu-tools-for-stm32.11.3.rel1.win32_1.1.1.202309131626/tools/bin/../lib/gcc/arm-none-eabi/11.3.1/thumb/v7e-m+fp/hard/crtbegin.o
                [!provide]                        PROVIDE (__fini_array_end = .)
                0x0000000008000ab4                . = ALIGN (0x4)
                0x0000000008000ab4                _sidata = LOADADDR (.data)

.data           0x0000000020000000        0x4 load address 0x0000000008000ab4
                0x0000000020000000                . = ALIGN (0x4)
                0x0000000020000000                _sdata = .
 *(.data)
 *(.data*)
 .data.pwmDutyCycle
                0x0000000020000000        0x1 ./Core/Src/pwm.o
                0x0000000020000000                pwmDutyCycle
 .data.increment_flag
                0x0000000020000001        0x1 ./Core/Src/pwm.o
                0x0000000020000001                increment_flag
 .data.uwTickFreq
                0x0000000020000002        0x1 ./Drivers/STM32F4xx_HAL_Driver/Src/stm32f4xx_hal.o
                0x0000000020000002                uwTickFreq
 *(.RamFunc)
 *(.RamFunc*)
                0x0000000020000004                . = ALIGN (0x4)
 *fill*         0x0000000020000003        0x1 
                0x0000000020000004                _edata = .

.igot.plt       0x0000000020000004        0x0 load address 0x0000000008000ab8
 .igot.plt      0x0000000020000004        0x0 C:/ST/STM32CubeIDE_1.13.2/STM32CubeIDE/plugins/com.st.stm32cube.ide.mcu.externaltools.gnu-tools-for-stm32.11.3.rel1.win32_1.1.1.202309131626/tools/bin/../lib/gcc/arm-none-eabi/11.3.1/thumb/v7e-m+fp/hard/crtbegin.o
                0x0000000020000004                . = ALIGN (0x4)

.bss            0x0000000020000004       0xb8 load address 0x0000000008000ab8
                0x0000000020000004                _sbss = .
                0x0000000020000004                __bss_start__ = _sbss
 *(.bss)
 .bss           0x0000000020000004       0x1c C:/ST/STM32CubeIDE_1.13.2/STM32CubeIDE/plugins/com.st.stm32cube.ide.mcu.externaltools.gnu-tools-for-stm32.11.3.rel1.win32_1.1.1.202309131626/tools/bin/../lib/gcc/arm-none-eabi/11.3.1/thumb/v7e-m+fp/hard/crtbegin.o
 *(.bss*)
 .bss.debounce_flag
                0x0000000020000020        0x1 ./Core/Src/pwm.o
                0x0000000020000020                debounce_flag
 .bss.debouce_average
                0x0000000020000021        0x1 ./Core/Src/pwm.o
                0x0000000020000021                debouce_average
 .bss.rx_head   0x0000000020000022        0x1 ./Core/Src/uart.o
                0x0000000020000022                rx_head
 .bss.rx_tail   0x0000000020000023        0x1 ./Core/Src/uart.o
                0x0000000020000023                rx_tail
 .bss.tx_head   0x0000000020000024        0x1 ./Core/Src/uart.o
                0x0000000020000024                tx_head
 .bss.tx_tail   0x0000000020000025        0x1 ./Core/Src/uart.o
                0x0000000020000025                tx_tail
 *fill*         0x0000000020000026        0x2 
 .bss.tx_buffer
                0x0000000020000028       0x48 ./Core/Src/uart.o
                0x0000000020000028                tx_buffer
 .bss.rx_buffer
                0x0000000020000070       0x48 ./Core/Src/uart.o
                0x0000000020000070                rx_buffer
 .bss.uwTick    0x00000000200000b8        0x4 ./Drivers/STM32F4xx_HAL_Driver/Src/stm32f4xx_hal.o
                0x00000000200000b8                uwTick
 *(COMMON)
                0x00000000200000bc                . = ALIGN (0x4)
                0x00000000200000bc                _ebss = .
                0x00000000200000bc                __bss_end__ = _ebss

._user_heap_stack
                0x00000000200000bc      0x604 load address 0x0000000008000ab8
                0x00000000200000c0                . = ALIGN (0x8)
 *fill*         0x00000000200000bc        0x4 
                [!provide]                        PROVIDE (end = .)
                0x00000000200000c0                PROVIDE (_end = .)
                0x00000000200002c0                . = (. + _Min_Heap_Size)
 *fill*         0x00000000200000c0      0x200 
                0x00000000200006c0                . = (. + _Min_Stack_Size)
 *fill*         0x00000000200002c0      0x400 
                0x00000000200006c0                . = ALIGN (0x8)

/DISCARD/
 libc.a(*)
 libm.a(*)
 libgcc.a(*)

.ARM.attributes
                0x0000000000000000       0x30
 *(.ARM.attributes)
 .ARM.attributes
                0x0000000000000000       0x1e C:/ST/STM32CubeIDE_1.13.2/STM32CubeIDE/plugins/com.st.stm32cube.ide.mcu.externaltools.gnu-tools-for-stm32.11.3.rel1.win32_1.1.1.202309131626/tools/bin/../lib/gcc/arm-none-eabi/11.3.1/thumb/v7e-m+fp/hard/crti.o
 .ARM.attributes
                0x000000000000001e       0x34 C:/ST/STM32CubeIDE_1.13.2/STM32CubeIDE/plugins/com.st.stm32cube.ide.mcu.externaltools.gnu-tools-for-stm32.11.3.rel1.win32_1.1.1.202309131626/tools/bin/../lib/gcc/arm-none-eabi/11.3.1/thumb/v7e-m+fp/hard/crtbegin.o
 .ARM.attributes
                0x0000000000000052       0x34 ./Core/Src/main.o
 .ARM.attributes
                0x0000000000000086       0x34 ./Core/Src/pwm.o
 .ARM.attributes
                0x00000000000000ba       0x34 ./Core/Src/stm32f4xx_it.o
 .ARM.attributes
                0x00000000000000ee       0x34 ./Core/Src/system_stm32f4xx.o
 .ARM.attributes
                0x0000000000000122       0x34 ./Core/Src/uart.o
 .ARM.attributes
                0x0000000000000156       0x21 ./Core/Startup/startup_stm32f411vetx.o
 .ARM.attributes
                0x0000000000000177       0x34 ./Drivers/STM32F4xx_HAL_Driver/Src/stm32f4xx_hal.o
 .ARM.attributes
                0x00000000000001ab       0x34 C:/ST/STM32CubeIDE_1.13.2/STM32CubeIDE/plugins/com.st.stm32cube.ide.mcu.externaltools.gnu-tools-for-stm32.11.3.rel1.win32_1.1.1.202309131626/tools/bin/../lib/gcc/arm-none-eabi/11.3.1/../../../../arm-none-eabi/lib/thumb/v7e-m+fp/hard\libc_nano.a(libc_a-init.o)
 .ARM.attributes
                0x00000000000001df       0x1e C:/ST/STM32CubeIDE_1.13.2/STM32CubeIDE/plugins/com.st.stm32cube.ide.mcu.externaltools.gnu-tools-for-stm32.11.3.rel1.win32_1.1.1.202309131626/tools/bin/../lib/gcc/arm-none-eabi/11.3.1/thumb/v7e-m+fp/hard/crtn.o
OUTPUT(LAB_3_PART_3.elf elf32-littlearm)
LOAD linker stubs
LOAD C:/ST/STM32CubeIDE_1.13.2/STM32CubeIDE/plugins/com.st.stm32cube.ide.mcu.externaltools.gnu-tools-for-stm32.11.3.rel1.win32_1.1.1.202309131626/tools/bin/../lib/gcc/arm-none-eabi/11.3.1/../../../../arm-none-eabi/lib/thumb/v7e-m+fp/hard\libc.a
LOAD C:/ST/STM32CubeIDE_1.13.2/STM32CubeIDE/plugins/com.st.stm32cube.ide.mcu.externaltools.gnu-tools-for-stm32.11.3.rel1.win32_1.1.1.202309131626/tools/bin/../lib/gcc/arm-none-eabi/11.3.1/../../../../arm-none-eabi/lib/thumb/v7e-m+fp/hard\libm.a
LOAD C:/ST/STM32CubeIDE_1.13.2/STM32CubeIDE/plugins/com.st.stm32cube.ide.mcu.externaltools.gnu-tools-for-stm32.11.3.rel1.win32_1.1.1.202309131626/tools/bin/../lib/gcc/arm-none-eabi/11.3.1/thumb/v7e-m+fp/hard\libgcc.a

.comment        0x0000000000000000       0x43
 .comment       0x0000000000000000       0x43 C:/ST/STM32CubeIDE_1.13.2/STM32CubeIDE/plugins/com.st.stm32cube.ide.mcu.externaltools.gnu-tools-for-stm32.11.3.rel1.win32_1.1.1.202309131626/tools/bin/../lib/gcc/arm-none-eabi/11.3.1/thumb/v7e-m+fp/hard/crtbegin.o
                                         0x44 (size before relaxing)
 .comment       0x0000000000000043       0x44 ./Core/Src/main.o
 .comment       0x0000000000000043       0x44 ./Core/Src/pwm.o
 .comment       0x0000000000000043       0x44 ./Core/Src/stm32f4xx_it.o
 .comment       0x0000000000000043       0x44 ./Core/Src/system_stm32f4xx.o
 .comment       0x0000000000000043       0x44 ./Core/Src/uart.o
 .comment       0x0000000000000043       0x44 ./Drivers/STM32F4xx_HAL_Driver/Src/stm32f4xx_hal.o

.debug_info     0x0000000000000000     0x21fb
 .debug_info    0x0000000000000000      0x111 ./Core/Src/main.o
 .debug_info    0x0000000000000111      0x8fc ./Core/Src/pwm.o
 .debug_info    0x0000000000000a0d      0x112 ./Core/Src/stm32f4xx_it.o
 .debug_info    0x0000000000000b1f      0x53e ./Core/Src/system_stm32f4xx.o
 .debug_info    0x000000000000105d      0x8b7 ./Core/Src/uart.o
 .debug_info    0x0000000000001914       0x23 ./Core/Startup/startup_stm32f411vetx.o
 .debug_info    0x0000000000001937      0x8c4 ./Drivers/STM32F4xx_HAL_Driver/Src/stm32f4xx_hal.o

.debug_abbrev   0x0000000000000000      0x909
 .debug_abbrev  0x0000000000000000       0xa5 ./Core/Src/main.o
 .debug_abbrev  0x00000000000000a5      0x228 ./Core/Src/pwm.o
 .debug_abbrev  0x00000000000002cd       0x73 ./Core/Src/stm32f4xx_it.o
 .debug_abbrev  0x0000000000000340      0x11a ./Core/Src/system_stm32f4xx.o
 .debug_abbrev  0x000000000000045a      0x252 ./Core/Src/uart.o
 .debug_abbrev  0x00000000000006ac       0x12 ./Core/Startup/startup_stm32f411vetx.o
 .debug_abbrev  0x00000000000006be      0x24b ./Drivers/STM32F4xx_HAL_Driver/Src/stm32f4xx_hal.o

.debug_aranges  0x0000000000000000      0x278
 .debug_aranges
                0x0000000000000000       0x20 ./Core/Src/main.o
 .debug_aranges
                0x0000000000000020       0x58 ./Core/Src/pwm.o
 .debug_aranges
                0x0000000000000078       0x60 ./Core/Src/stm32f4xx_it.o
 .debug_aranges
                0x00000000000000d8       0x28 ./Core/Src/system_stm32f4xx.o
 .debug_aranges
                0x0000000000000100       0x60 ./Core/Src/uart.o
 .debug_aranges
                0x0000000000000160       0x28 ./Core/Startup/startup_stm32f411vetx.o
 .debug_aranges
                0x0000000000000188       0xf0 ./Drivers/STM32F4xx_HAL_Driver/Src/stm32f4xx_hal.o

.debug_rnglists
                0x0000000000000000      0x1bd
 .debug_rnglists
                0x0000000000000000       0x13 ./Core/Src/main.o
 .debug_rnglists
                0x0000000000000013       0x3f ./Core/Src/pwm.o
 .debug_rnglists
                0x0000000000000052       0x43 ./Core/Src/stm32f4xx_it.o
 .debug_rnglists
                0x0000000000000095       0x1a ./Core/Src/system_stm32f4xx.o
 .debug_rnglists
                0x00000000000000af       0x46 ./Core/Src/uart.o
 .debug_rnglists
                0x00000000000000f5       0x19 ./Core/Startup/startup_stm32f411vetx.o
 .debug_rnglists
                0x000000000000010e       0xaf ./Drivers/STM32F4xx_HAL_Driver/Src/stm32f4xx_hal.o

.debug_macro    0x0000000000000000    0x14bad
 .debug_macro   0x0000000000000000      0x2aa ./Core/Src/main.o
 .debug_macro   0x00000000000002aa      0xaa8 ./Core/Src/main.o
 .debug_macro   0x0000000000000d52      0x28f ./Core/Src/main.o
 .debug_macro   0x0000000000000fe1       0x2e ./Core/Src/main.o
 .debug_macro   0x000000000000100f       0x28 ./Core/Src/main.o
 .debug_macro   0x0000000000001037       0x22 ./Core/Src/main.o
 .debug_macro   0x0000000000001059       0x8e ./Core/Src/main.o
 .debug_macro   0x00000000000010e7       0x51 ./Core/Src/main.o
 .debug_macro   0x0000000000001138      0x103 ./Core/Src/main.o
 .debug_macro   0x000000000000123b       0x6a ./Core/Src/main.o
 .debug_macro   0x00000000000012a5      0x1df ./Core/Src/main.o
 .debug_macro   0x0000000000001484       0x1c ./Core/Src/main.o
 .debug_macro   0x00000000000014a0       0x22 ./Core/Src/main.o
 .debug_macro   0x00000000000014c2       0xd9 ./Core/Src/main.o
 .debug_macro   0x000000000000159b     0x102d ./Core/Src/main.o
 .debug_macro   0x00000000000025c8      0x11f ./Core/Src/main.o
 .debug_macro   0x00000000000026e7     0xb953 ./Core/Src/main.o
 .debug_macro   0x000000000000e03a       0x6d ./Core/Src/main.o
 .debug_macro   0x000000000000e0a7     0x367e ./Core/Src/main.o
 .debug_macro   0x0000000000011725      0x174 ./Core/Src/main.o
 .debug_macro   0x0000000000011899       0x5c ./Core/Src/main.o
 .debug_macro   0x00000000000118f5      0x447 ./Core/Src/main.o
 .debug_macro   0x0000000000011d3c      0x9fe ./Core/Src/main.o
 .debug_macro   0x000000000001273a      0x115 ./Core/Src/main.o
 .debug_macro   0x000000000001284f      0x11b ./Core/Src/main.o
 .debug_macro   0x000000000001296a       0xa5 ./Core/Src/main.o
 .debug_macro   0x0000000000012a0f      0x15f ./Core/Src/main.o
 .debug_macro   0x0000000000012b6e      0x287 ./Core/Src/main.o
 .debug_macro   0x0000000000012df5       0x5f ./Core/Src/main.o
 .debug_macro   0x0000000000012e54      0x236 ./Core/Src/main.o
 .debug_macro   0x000000000001308a      0x132 ./Core/Src/main.o
 .debug_macro   0x00000000000131bc      0x264 ./Core/Src/main.o
 .debug_macro   0x0000000000013420       0x2e ./Core/Src/main.o
 .debug_macro   0x000000000001344e      0x11a ./Core/Src/main.o
 .debug_macro   0x0000000000013568       0x85 ./Core/Src/main.o
 .debug_macro   0x00000000000135ed       0x89 ./Core/Src/main.o
 .debug_macro   0x0000000000013676      0x126 ./Core/Src/main.o
 .debug_macro   0x000000000001379c      0x178 ./Core/Src/main.o
 .debug_macro   0x0000000000013914       0x10 ./Core/Src/main.o
 .debug_macro   0x0000000000013924       0x61 ./Core/Src/main.o
 .debug_macro   0x0000000000013985       0x2a ./Core/Src/main.o
 .debug_macro   0x00000000000139af       0x43 ./Core/Src/main.o
 .debug_macro   0x00000000000139f2       0x34 ./Core/Src/main.o
 .debug_macro   0x0000000000013a26       0x16 ./Core/Src/main.o
 .debug_macro   0x0000000000013a3c       0x35 ./Core/Src/main.o
 .debug_macro   0x0000000000013a71      0x369 ./Core/Src/main.o
 .debug_macro   0x0000000000013dda       0x10 ./Core/Src/main.o
 .debug_macro   0x0000000000013dea       0x16 ./Core/Src/main.o
 .debug_macro   0x0000000000013e00       0x43 ./Core/Src/main.o
 .debug_macro   0x0000000000013e43       0x34 ./Core/Src/main.o
 .debug_macro   0x0000000000013e77       0x10 ./Core/Src/main.o
 .debug_macro   0x0000000000013e87       0x58 ./Core/Src/main.o
 .debug_macro   0x0000000000013edf       0x8e ./Core/Src/main.o
 .debug_macro   0x0000000000013f6d       0x1c ./Core/Src/main.o
 .debug_macro   0x0000000000013f89      0x177 ./Core/Src/main.o
 .debug_macro   0x0000000000014100       0x16 ./Core/Src/main.o
 .debug_macro   0x0000000000014116       0x16 ./Core/Src/main.o
 .debug_macro   0x000000000001412c      0x147 ./Core/Src/main.o
 .debug_macro   0x0000000000014273      0x1e7 ./Core/Src/pwm.o
 .debug_macro   0x000000000001445a      0x1c9 ./Core/Src/stm32f4xx_it.o
 .debug_macro   0x0000000000014623      0x1b0 ./Core/Src/system_stm32f4xx.o
 .debug_macro   0x00000000000147d3      0x1ca ./Core/Src/uart.o
 .debug_macro   0x000000000001499d      0x210 ./Drivers/STM32F4xx_HAL_Driver/Src/stm32f4xx_hal.o

.debug_line     0x0000000000000000     0x339a
 .debug_line    0x0000000000000000      0x864 ./Core/Src/main.o
 .debug_line    0x0000000000000864      0x8c7 ./Core/Src/pwm.o
 .debug_line    0x000000000000112b      0x7c0 ./Core/Src/stm32f4xx_it.o
 .debug_line    0x00000000000018eb      0x77f ./Core/Src/system_stm32f4xx.o
 .debug_line    0x000000000000206a      0x8d1 ./Core/Src/uart.o
 .debug_line    0x000000000000293b       0x7a ./Core/Startup/startup_stm32f411vetx.o
 .debug_line    0x00000000000029b5      0x9e5 ./Drivers/STM32F4xx_HAL_Driver/Src/stm32f4xx_hal.o

.debug_str      0x0000000000000000    0x82627
 .debug_str     0x0000000000000000    0x816ee ./Core/Src/main.o
                                      0x81965 (size before relaxing)
 .debug_str     0x00000000000816ee      0x64b ./Core/Src/pwm.o
                                      0x7e2b3 (size before relaxing)
 .debug_str     0x0000000000081d39       0xc9 ./Core/Src/stm32f4xx_it.o
                                      0x7e255 (size before relaxing)
 .debug_str     0x0000000000081e02       0xdb ./Core/Src/system_stm32f4xx.o
                                      0x7dd7c (size before relaxing)
 .debug_str     0x0000000000081edd       0x9d ./Core/Src/uart.o
                                      0x7e1f5 (size before relaxing)
 .debug_str     0x0000000000081f7a       0x34 ./Core/Startup/startup_stm32f411vetx.o
                                         0x74 (size before relaxing)
 .debug_str     0x0000000000081fae      0x679 ./Drivers/STM32F4xx_HAL_Driver/Src/stm32f4xx_hal.o
                                      0x7e7a8 (size before relaxing)

.debug_frame    0x0000000000000000      0x79c
 .debug_frame   0x0000000000000000       0x2c ./Core/Src/main.o
 .debug_frame   0x000000000000002c      0x11c ./Core/Src/pwm.o
 .debug_frame   0x0000000000000148      0x104 ./Core/Src/stm32f4xx_it.o
 .debug_frame   0x000000000000024c       0x58 ./Core/Src/system_stm32f4xx.o
 .debug_frame   0x00000000000002a4      0x158 ./Core/Src/uart.o
 .debug_frame   0x00000000000003fc      0x374 ./Drivers/STM32F4xx_HAL_Driver/Src/stm32f4xx_hal.o
 .debug_frame   0x0000000000000770       0x2c C:/ST/STM32CubeIDE_1.13.2/STM32CubeIDE/plugins/com.st.stm32cube.ide.mcu.externaltools.gnu-tools-for-stm32.11.3.rel1.win32_1.1.1.202309131626/tools/bin/../lib/gcc/arm-none-eabi/11.3.1/../../../../arm-none-eabi/lib/thumb/v7e-m+fp/hard\libc_nano.a(libc_a-init.o)

.debug_line_str
                0x0000000000000000       0x68
 .debug_line_str
                0x0000000000000000       0x68 ./Core/Startup/startup_stm32f411vetx.o
                                         0x80 (size before relaxing)
