ASxxxx Linker V03.00 + NoICE + sdld,  page 1.
Hexadecimal  [32-Bits]

Area                                    Addr        Size        Decimal Bytes (Attributes)
--------------------------------        ----        ----        ------- ----- ------------
CABS                                00000000    00000000 =           0. bytes (ABS,CON,CODE)

      Value  Global                              Global Defined In Module
      -----  --------------------------------   ------------------------
C:   00000000  l_BIT_BANK                      
C:   00000000  l_CABS                          
C:   00000000  l_GSINIT1                       
C:   00000000  l_GSINIT5                       
C:   00000000  l_IABS                          
C:   00000000  l_PSEG                          
C:   00000000  l_REG_BANK_1                    
C:   00000000  l_REG_BANK_2                    
C:   00000000  l_REG_BANK_3                    
C:   00000000  l_RSEG                          
C:   00000000  l_RSEG0                         
C:   00000000  l_RSEG1                         
C:   00000000  l_XABS                          
C:   00000000  l_XSEG                          
C:   00000000  l__CODE                         
C:   00000000  s_BSEG                          
C:   00000000  s_CABS                          
C:   00000000  s_DSEG                          
C:   00000000  s_IABS                          
C:   00000000  s_REG_BANK_0                    
C:   00000000  s_RSEG                          
C:   00000000  s_RSEG0                         
C:   00000000  s_RSEG1                         
C:   00000000  s_XABS                          
C:   00000001  l_BSEG_BYTES                    
C:   00000001  l_XINIT                         
C:   00000001  l_XISEG                         
C:   00000003  l_BSEG                          
C:   00000003  l_GSFINAL                       
C:   00000003  l_GSINIT0                       
C:   00000003  l_OSEG                          
C:   00000006  l_ISEG                          
C:   00000008  l_REG_BANK_0                    
C:   00000008  s_REG_BANK_1                    
C:   0000000A  l_GSINIT2                       
C:   0000000B  l_GSINIT                        
C:   00000010  s_REG_BANK_2                    
C:   00000018  s_BIT_BANK                      
C:   00000018  s_REG_BANK_3                    
C:   00000020  s_BSEG_BYTES                    
C:   00000020  s__CODE                         
C:   00000022  l_GSINIT3                       
C:   0000002A  l_GSINIT4                       
C:   00000031  l_HOME                          
C:   0000004F  s_OSEG                          
C:   00000052  s_ISEG                          
C:   00000058  s_SSEG                          
C:   00000080  l_DSEG                          
C:   000000A8  l_SSEG                          
C:   000000C4  l_CONST                         
ASxxxx Linker V03.00 + NoICE + sdld,  page 2.
Hexadecimal  [32-Bits]

Area                                    Addr        Size        Decimal Bytes (Attributes)
--------------------------------        ----        ----        ------- ----- ------------
CABS                                00000000    00000000 =           0. bytes (ABS,CON,CODE)

      Value  Global                              Global Defined In Module
      -----  --------------------------------   ------------------------
C:   00000100  l_IRAM                          
C:   00000E94  l_CSEG                          
C:   00002000  s_HOME                          
C:   00002031  s_GSINIT0                       
C:   00002034  s_GSINIT1                       
C:   00002034  s_GSINIT2                       
C:   0000203E  s_GSINIT3                       
C:   00002060  s_GSINIT4                       
C:   0000208A  s_GSINIT                        
C:   0000208A  s_GSINIT5                       
C:   00002095  s_GSFINAL                       
C:   00002098  s_CSEG                          
C:   00002F2C  s_CONST                         
C:   00002FF0  s_XINIT                         
C:   0000FC00  s_PSEG                          
C:   0000FC00  s_XISEG                         
C:   0000FC00  s_XSEG                          

ASxxxx Linker V03.00 + NoICE + sdld,  page 3.
Hexadecimal  [32-Bits]

Area                                    Addr        Size        Decimal Bytes (Attributes)
--------------------------------        ----        ----        ------- ----- ------------
.  .ABS.                            00000000    00000000 =           0. bytes (ABS,CON)

      Value  Global                              Global Defined In Module
      -----  --------------------------------   ------------------------
     00000000  .__.ABS.                           _modsint
     00000080  _P0                                uart
     00000080  _P0_0                              uart
     00000081  _P0_1                              uart
     00000081  _SP                                uart
     00000082  _DP0L                              main
     00000082  _DPL                               uart
     00000082  _P0_2                              uart
     00000083  _DP0H                              main
     00000083  _DPH                               uart
     00000083  _P0_3                              uart
     00000084  _P0_4                              uart
     00000085  _P0_5                              uart
     00000086  _P0_6                              uart
     00000087  _P0_7                              uart
     00000087  _PCON                              uart
     00000088  _IT0                               uart
     00000088  _TCON                              uart
     00000089  _IE0                               uart
     00000089  _TMOD                              uart
     0000008A  _IT1                               uart
     0000008A  _TL0                               uart
     0000008B  _IE1                               uart
     0000008B  _TL1                               uart
     0000008C  _TH0                               uart
     0000008C  _TR0                               uart
     0000008D  _TF0                               uart
     0000008D  _TH1                               uart
     0000008E  _AUXR                              uart
     0000008E  _TR1                               uart
     0000008F  _CKCON0                            uart
     0000008F  _TF1                               uart
     00000090  _P1                                uart
     00000090  _P1_0                              uart
     00000091  _P1_1                              uart
     00000092  _P1_2                              uart
     00000093  _P1_3                              uart
     00000094  _P1_4                              uart
     00000095  _P1_5                              uart
     00000096  _P1_6                              uart
     00000097  _CKRL                              uart
     00000097  _P1_7                              uart
     00000098  _RI                                uart
     00000098  _SCON                              uart
     00000099  _SBUF                              uart
     00000099  _SBUF0                             main
     00000099  _TI                                uart
     0000009A  _BRL                               uart
     0000009A  _RB8                               uart
     0000009B  _BDRCON                            uart
ASxxxx Linker V03.00 + NoICE + sdld,  page 4.
Hexadecimal  [32-Bits]

Area                                    Addr        Size        Decimal Bytes (Attributes)
--------------------------------        ----        ----        ------- ----- ------------
.  .ABS.                            00000000    00000000 =           0. bytes (ABS,CON)

      Value  Global                              Global Defined In Module
      -----  --------------------------------   ------------------------
     0000009B  _TB8                               uart
     0000009C  _KBLS                              uart
     0000009C  _REN                               uart
     0000009D  _KBE                               uart
     0000009D  _SM2                               uart
     0000009E  _KBF                               uart
     0000009E  _SM1                               uart
     0000009F  _SM0                               uart
     000000A0  _P2                                uart
     000000A0  _P2_0                              uart
     000000A0  __XPAGE                            
     000000A1  _P2_1                              uart
     000000A2  _AUXR1                             uart
     000000A2  _P2_2                              uart
     000000A3  _P2_3                              uart
     000000A4  _P2_4                              uart
     000000A5  _P2_5                              uart
     000000A6  _P2_6                              uart
     000000A6  _WDTRST                            uart
     000000A7  _P2_7                              uart
     000000A7  _WDTPRG                            uart
     000000A8  _EX0                               uart
     000000A8  _IE                                uart
     000000A8  _IEN0                              uart
     000000A9  _ET0                               uart
     000000A9  _SADDR                             uart
     000000AA  _EX1                               uart
     000000AB  _ET1                               uart
     000000AC  _ES                                uart
     000000AD  _ET2                               uart
     000000AE  _EC                                uart
     000000AF  _CKCON1                            uart
     000000AF  _EA                                uart
     000000B0  _P3                                uart
     000000B0  _P3_0                              uart
     000000B0  _RXD                               uart
     000000B0  _RXD0                              main
     000000B1  _IEN1                              uart
     000000B1  _P3_1                              uart
     000000B1  _TXD                               uart
     000000B1  _TXD0                              main
     000000B2  _INT0                              uart
     000000B2  _IPL1                              uart
     000000B2  _P3_2                              uart
     000000B3  _INT1                              uart
     000000B3  _IPH1                              uart
     000000B3  _P3_3                              uart
     000000B4  _P3_4                              uart
     000000B4  _T0                                uart
     000000B5  _P3_5                              uart
     000000B5  _T1                                uart
ASxxxx Linker V03.00 + NoICE + sdld,  page 5.
Hexadecimal  [32-Bits]

Area                                    Addr        Size        Decimal Bytes (Attributes)
--------------------------------        ----        ----        ------- ----- ------------
.  .ABS.                            00000000    00000000 =           0. bytes (ABS,CON)

      Value  Global                              Global Defined In Module
      -----  --------------------------------   ------------------------
     000000B6  _P3_6                              uart
     000000B6  _WR                                uart
     000000B7  _IPH0                              uart
     000000B7  _P3_7                              uart
     000000B7  _RD                                uart
     000000B8  _IP                                uart
     000000B8  _IPL0                              uart
     000000B8  _PX0                               uart
     000000B8  _PX0L                              uart
     000000B9  _PT0                               uart
     000000B9  _PT0L                              uart
     000000B9  _SADEN                             uart
     000000BA  _PX1                               uart
     000000BA  _PX1L                              uart
     000000BB  _PT1                               uart
     000000BB  _PT1L                              uart
     000000BC  _PS                                uart
     000000BC  _PSL                               uart
     000000BD  _PT2                               uart
     000000BD  _PT2L                              uart
     000000BE  _PPCL                              uart
     000000C0  _P4                                uart
     000000C0  _P4_0                              uart
     000000C1  _P4_1                              uart
     000000C2  _P4_2                              uart
     000000C3  _P4_3                              uart
     000000C3  _SPCON                             uart
     000000C4  _P4_4                              uart
     000000C4  _SPSTA                             uart
     000000C5  _P4_5                              uart
     000000C5  _SPDAT                             uart
     000000C6  _P4_6                              uart
     000000C7  _P4_7                              uart
     000000C8  _CP_RL2                            uart
     000000C8  _T2CON                             uart
     000000C8  _T2CON_0                           uart
     000000C9  _C_T2                              uart
     000000C9  _T2CON_1                           uart
     000000C9  _T2MOD                             uart
     000000CA  _RCAP2L                            uart
     000000CA  _T2CON_2                           uart
     000000CA  _TR2                               uart
     000000CB  _EXEN2                             uart
     000000CB  _RCAP2H                            uart
     000000CB  _T2CON_3                           uart
     000000CC  _T2CON_4                           uart
     000000CC  _TCLK                              uart
     000000CC  _TL2                               uart
     000000CD  _RCLK                              uart
     000000CD  _T2CON_5                           uart
     000000CD  _TH2                               uart
ASxxxx Linker V03.00 + NoICE + sdld,  page 6.
Hexadecimal  [32-Bits]

Area                                    Addr        Size        Decimal Bytes (Attributes)
--------------------------------        ----        ----        ------- ----- ------------
.  .ABS.                            00000000    00000000 =           0. bytes (ABS,CON)

      Value  Global                              Global Defined In Module
      -----  --------------------------------   ------------------------
     000000CE  _EXF2                              uart
     000000CE  _T2CON_6                           uart
     000000CF  _T2CON_7                           uart
     000000CF  _TF2                               uart
     000000D0  _P                                 uart
     000000D0  _PSW                               uart
     000000D1  _F1                                uart
     000000D2  _EECON                             uart
     000000D2  _OV                                uart
     000000D3  _RS0                               uart
     000000D4  _RS1                               uart
     000000D5  _F0                                uart
     000000D6  _AC                                uart
     000000D7  _CY                                uart
     000000D8  _CCF0                              uart
     000000D8  _CCON                              uart
     000000D9  _CCF1                              uart
     000000D9  _CMOD                              uart
     000000DA  _CCAPM0                            uart
     000000DA  _CCF2                              uart
     000000DB  _CCAPM1                            uart
     000000DB  _CCF3                              uart
     000000DC  _CCAPM2                            uart
     000000DC  _CCF4                              uart
     000000DD  _CCAPM3                            uart
     000000DE  _CCAPM4                            uart
     000000DE  _CR                                uart
     000000DF  _CF                                uart
     000000E0  _ACC                               uart
     000000E8  _P5                                uart
     000000E8  _P5_0                              uart
     000000E9  _CL                                uart
     000000E9  _P5_1                              uart
     000000EA  _CCAP0L                            uart
     000000EA  _P5_2                              uart
     000000EB  _CCAP1L                            uart
     000000EB  _P5_3                              uart
     000000EC  _CCAP2L                            uart
     000000EC  _P5_4                              uart
     000000ED  _CCAP3L                            uart
     000000ED  _P5_5                              uart
     000000EE  _CCAP4L                            uart
     000000EE  _P5_6                              uart
     000000EF  _P5_7                              uart
     000000F0  _B                                 uart
     000000F0  _BREG_F0                           main
     000000F1  _BREG_F1                           main
     000000F2  _BREG_F2                           main
     000000F3  _BREG_F3                           main
     000000F4  _BREG_F4                           main
     000000F5  _BREG_F5                           main
ASxxxx Linker V03.00 + NoICE + sdld,  page 7.
Hexadecimal  [32-Bits]

Area                                    Addr        Size        Decimal Bytes (Attributes)
--------------------------------        ----        ----        ------- ----- ------------
.  .ABS.                            00000000    00000000 =           0. bytes (ABS,CON)

      Value  Global                              Global Defined In Module
      -----  --------------------------------   ------------------------
     000000F5  _B_5                               _gptrget
     000000F6  _BREG_F6                           main
     000000F6  _B_6                               _gptrget
     000000F7  _BREG_F7                           main
     000000F7  _B_7                               _gptrget
     000000F9  _CH                                uart
     000000FA  _CCAP0H                            uart
     000000FB  _CCAP1H                            uart
     000000FC  _CCAP2H                            uart
     000000FD  _CCAP3H                            uart
     000000FE  _CCAP4H                            uart

ASxxxx Linker V03.00 + NoICE + sdld,  page 8.
Hexadecimal  [32-Bits]

Area                                    Addr        Size        Decimal Bytes (Attributes)
--------------------------------        ----        ----        ------- ----- ------------
BSEG_BYTES                          00000020    00000001 =           1. bytes (REL,CON)

      Value  Global                              Global Defined In Module
      -----  --------------------------------   ------------------------
ASxxxx Linker V03.00 + NoICE + sdld,  page 9.
Hexadecimal  [32-Bits]

Area                                    Addr        Size        Decimal Bytes (Attributes)
--------------------------------        ----        ----        ------- ----- ------------
REG_BANK_0                          00000000    00000008 =           8. bytes (REL,OVR)

      Value  Global                              Global Defined In Module
      -----  --------------------------------   ------------------------
ASxxxx Linker V03.00 + NoICE + sdld,  page 10.
Hexadecimal  [32-Bits]

Area                                    Addr        Size        Decimal Bytes (Attributes)
--------------------------------        ----        ----        ------- ----- ------------
DSEG                                00000000    00000080 =         128. bytes (REL,CON)

      Value  Global                              Global Defined In Module
      -----  --------------------------------   ------------------------
     00000008  _ptr                               main
     0000000A  _tick                              main
     0000000C  _lcdgotoxy_PARM_2                  main
     0000001E  _bp                                _bp
     0000001F  _vprintf_PARM_2                    vprintf
     0000002E  __print_format_PARM_2              printf_large
     00000031  __print_format_PARM_3              printf_large
     00000034  __print_format_PARM_4              printf_large

ASxxxx Linker V03.00 + NoICE + sdld,  page 11.
Hexadecimal  [32-Bits]

Area                                    Addr        Size        Decimal Bytes (Attributes)
--------------------------------        ----        ----        ------- ----- ------------
OSEG                                0000004F    00000003 =           3. bytes (REL,OVR)

      Value  Global                              Global Defined In Module
      -----  --------------------------------   ------------------------
     0000004F  __modsint_PARM_2                   _moduint
     0000004F  __moduint_PARM_2                   _moduint
     0000004F  __mulint_PARM_2                    _mulint
     0000004F  _lcd_command_PARM_2                main
     00000050  _lcd_command_PARM_3                main

ASxxxx Linker V03.00 + NoICE + sdld,  page 12.
Hexadecimal  [32-Bits]

Area                                    Addr        Size        Decimal Bytes (Attributes)
--------------------------------        ----        ----        ------- ----- ------------
ISEG                                00000052    00000006 =           6. bytes (REL,CON)

      Value  Global                              Global Defined In Module
      -----  --------------------------------   ------------------------
ASxxxx Linker V03.00 + NoICE + sdld,  page 13.
Hexadecimal  [32-Bits]

Area                                    Addr        Size        Decimal Bytes (Attributes)
--------------------------------        ----        ----        ------- ----- ------------
SSEG                                00000058    000000A8 =         168. bytes (REL,OVR)

      Value  Global                              Global Defined In Module
      -----  --------------------------------   ------------------------
     00000058  __start__stack                     main

ASxxxx Linker V03.00 + NoICE + sdld,  page 14.
Hexadecimal  [32-Bits]

Area                                    Addr        Size        Decimal Bytes (Attributes)
--------------------------------        ----        ----        ------- ----- ------------
XISEG                               0000FC00    00000001 =           1. bytes (REL,CON,XDATA)

      Value  Global                              Global Defined In Module
      -----  --------------------------------   ------------------------
D:   0000FC00  _db                                main

ASxxxx Linker V03.00 + NoICE + sdld,  page 15.
Hexadecimal  [32-Bits]

Area                                    Addr        Size        Decimal Bytes (Attributes)
--------------------------------        ----        ----        ------- ----- ------------
HOME                                00002000    00000031 =          49. bytes (REL,CON,CODE)

      Value  Global                              Global Defined In Module
      -----  --------------------------------   ------------------------
C:   0000202E  __sdcc_program_startup             main

ASxxxx Linker V03.00 + NoICE + sdld,  page 16.
Hexadecimal  [32-Bits]

Area                                    Addr        Size        Decimal Bytes (Attributes)
--------------------------------        ----        ----        ------- ----- ------------
GSINIT0                             00002031    00000003 =           3. bytes (REL,CON,CODE)

      Value  Global                              Global Defined In Module
      -----  --------------------------------   ------------------------
C:   00002031  __sdcc_gsinit_startup              

ASxxxx Linker V03.00 + NoICE + sdld,  page 17.
Hexadecimal  [32-Bits]

Area                                    Addr        Size        Decimal Bytes (Attributes)
--------------------------------        ----        ----        ------- ----- ------------
GSINIT2                             00002034    0000000A =          10. bytes (REL,CON,CODE)

      Value  Global                              Global Defined In Module
      -----  --------------------------------   ------------------------
ASxxxx Linker V03.00 + NoICE + sdld,  page 18.
Hexadecimal  [32-Bits]

Area                                    Addr        Size        Decimal Bytes (Attributes)
--------------------------------        ----        ----        ------- ----- ------------
GSINIT3                             0000203E    00000022 =          34. bytes (REL,CON,CODE)

      Value  Global                              Global Defined In Module
      -----  --------------------------------   ------------------------
C:   0000203E  __mcs51_genXINIT                   

ASxxxx Linker V03.00 + NoICE + sdld,  page 19.
Hexadecimal  [32-Bits]

Area                                    Addr        Size        Decimal Bytes (Attributes)
--------------------------------        ----        ----        ------- ----- ------------
GSINIT4                             00002060    0000002A =          42. bytes (REL,CON,CODE)

      Value  Global                              Global Defined In Module
      -----  --------------------------------   ------------------------
C:   00002060  __mcs51_genRAMCLEAR                
C:   00002066  __mcs51_genXRAMCLEAR               

ASxxxx Linker V03.00 + NoICE + sdld,  page 20.
Hexadecimal  [32-Bits]

Area                                    Addr        Size        Decimal Bytes (Attributes)
--------------------------------        ----        ----        ------- ----- ------------
GSINIT                              0000208A    0000000B =          11. bytes (REL,CON,CODE)

      Value  Global                              Global Defined In Module
      -----  --------------------------------   ------------------------
ASxxxx Linker V03.00 + NoICE + sdld,  page 21.
Hexadecimal  [32-Bits]

Area                                    Addr        Size        Decimal Bytes (Attributes)
--------------------------------        ----        ----        ------- ----- ------------
GSFINAL                             00002095    00000003 =           3. bytes (REL,CON,CODE)

      Value  Global                              Global Defined In Module
      -----  --------------------------------   ------------------------
ASxxxx Linker V03.00 + NoICE + sdld,  page 22.
Hexadecimal  [32-Bits]

Area                                    Addr        Size        Decimal Bytes (Attributes)
--------------------------------        ----        ----        ------- ----- ------------
CSEG                                00002098    00000E94 =        3732. bytes (REL,CON,CODE)

      Value  Global                              Global Defined In Module
      -----  --------------------------------   ------------------------
C:   00002098  __sdcc_external_startup            main
C:   0000209F  _delay                             main
C:   000020C5  _lcd_command                       main
C:   000020DB  _lcdbusywait                       main
C:   000020EA  _lcdgotoaddr                       main
C:   000020FE  _lcdgotoxy                         main
C:   0000214A  _lcdputch                          main
C:   0000215B  _lcdputstr                         main
C:   00002200  _lcdinit                           main
C:   000022A9  _lcdclear                          main
C:   000022B9  _test_functionality                main
C:   0000230D  _set_cgram_address                 main
C:   0000231E  _create_custom_character           main
C:   0000237C  _timer2_init                       main
C:   0000238E  _timer2_interrupt_Init             main
C:   00002396  _isr_timer2                        main
C:   000023C4  _timer0_init                       main
C:   000023D3  _timer0_interrupt_Init             main
C:   000023DB  _isr_timer0                        main
C:   0000240F  _main                              main
C:   0000258E  _putchar                           uart
C:   0000259E  _getchar                           uart
C:   000025AC  _putstr                            uart
C:   000025F3  _echo                              uart
C:   00002618  _printf_tiny                       printf_tiny
C:   00002721  __moduint                          _moduint
C:   0000277D  _vprintf                           vprintf
C:   00002796  _printf                            vprintf
C:   00002857  __print_format                     printf_large
C:   00002EA5  _strlen                            _strlen
C:   00002EBD  __mulint                           _mulint
C:   00002EBD  __mulint_dummy                     _mulint
C:   00002EDA  __gptrget                          _gptrget
C:   00002EF6  __modsint                          _modsint

ASxxxx Linker V03.00 + NoICE + sdld,  page 23.
Hexadecimal  [32-Bits]

Area                                    Addr        Size        Decimal Bytes (Attributes)
--------------------------------        ----        ----        ------- ----- ------------
CONST                               00002F2C    000000C4 =         196. bytes (REL,CON,CODE)

      Value  Global                              Global Defined In Module
      -----  --------------------------------   ------------------------
ASxxxx Linker V03.00 + NoICE + sdld,  page 24.
Hexadecimal  [32-Bits]

Area                                    Addr        Size        Decimal Bytes (Attributes)
--------------------------------        ----        ----        ------- ----- ------------
XINIT                               00002FF0    00000001 =           1. bytes (REL,CON,CODE)

      Value  Global                              Global Defined In Module
      -----  --------------------------------   ------------------------
ASxxxx Linker V03.00 + NoICE + sdld,  page 25.

Files Linked                              [ module(s) ]

obj\Release\main.rel                      [  ]
obj\Release\uart.rel                      [  ]


Libraries Linked                          [ object file ]

C:\Program Files\SDCC\bin\..\lib\small/mcs51.lib
                                          [ crtclear.rel ]
C:\Program Files\SDCC\bin\..\lib\small/mcs51.lib
                                          [ crtxinit.rel ]
C:\Program Files\SDCC\bin\..\lib\small/libsdcc.lib
                                          [ printf_tiny.rel ]
C:\Program Files\SDCC\bin\..\lib\small/libint.lib
                                          [ _moduint.rel ]
C:\Program Files\SDCC\bin\..\lib\small/mcs51.lib
                                          [ crtxclear.rel ]
C:\Program Files\SDCC\bin\..\lib\small/libsdcc.lib
                                          [ _bp.rel ]
C:\Program Files\SDCC\bin\..\lib\small/libsdcc.lib
                                          [ vprintf.rel ]
C:\Program Files\SDCC\bin\..\lib\small/libsdcc.lib
                                          [ printf_large.rel ]
C:\Program Files\SDCC\bin\..\lib\small/mcs51.lib
                                          [ crtpagesfr.rel ]
C:\Program Files\SDCC\bin\..\lib\small/libsdcc.lib
                                          [ _strlen.rel ]
C:\Program Files\SDCC\bin\..\lib\small/libint.lib
                                          [ _mulint.rel ]
C:\Program Files\SDCC\bin\..\lib\small/mcs51.lib
                                          [ crtstart.rel ]
C:\Program Files\SDCC\bin\..\lib\small/libsdcc.lib
                                          [ _gptrget.rel ]
C:\Program Files\SDCC\bin\..\lib\small/libint.lib
                                          [ _modsint.rel ]

ASxxxx Linker V03.00 + NoICE + sdld,  page 26.

User Base Address Definitions

HOME = 0x2000
XSEG = 0xfc00
PSEG = 0xfc00
ISEG = 0x0000
BSEG = 0x0000

