ASxxxx Linker V03.00 + NoICE + sdld,  page 1.
Hexadecimal  [32-Bits]

Area                                    Addr        Size        Decimal Bytes (Attributes)
--------------------------------        ----        ----        ------- ----- ------------
CABS                                00000000    00000000 =           0. bytes (ABS,CON,CODE)

      Value  Global                              Global Defined In Module
      -----  --------------------------------   ------------------------
C:   00000000  l_BIT_BANK                      
C:   00000000  l_BSEG                          
C:   00000000  l_BSEG_BYTES                    
C:   00000000  l_CABS                          
C:   00000000  l_GSINIT                        
C:   00000000  l_GSINIT1                       
C:   00000000  l_GSINIT5                       
C:   00000000  l_IABS                          
C:   00000000  l_ISEG                          
C:   00000000  l_OSEG                          
C:   00000000  l_PSEG                          
C:   00000000  l_REG_BANK_1                    
C:   00000000  l_REG_BANK_2                    
C:   00000000  l_REG_BANK_3                    
C:   00000000  l_RSEG                          
C:   00000000  l_RSEG0                         
C:   00000000  l_RSEG1                         
C:   00000000  l_XABS                          
C:   00000000  l_XINIT                         
C:   00000000  l_XISEG                         
C:   00000000  l__CODE                         
C:   00000000  s_BSEG                          
C:   00000000  s_CABS                          
C:   00000000  s_DSEG                          
C:   00000000  s_IABS                          
C:   00000000  s_ISEG                          
C:   00000000  s_PSEG                          
C:   00000000  s_REG_BANK_0                    
C:   00000000  s_RSEG                          
C:   00000000  s_RSEG0                         
C:   00000000  s_RSEG1                         
C:   00000000  s_XABS                          
C:   00000000  s_XSEG                          
C:   00000003  l_GSFINAL                       
C:   00000003  l_GSINIT0                       
C:   00000008  l_REG_BANK_0                    
C:   00000008  s_REG_BANK_1                    
C:   00000009  l_HOME                          
C:   00000009  s_SSEG                          
C:   0000000A  l_GSINIT2                       
C:   00000010  s_REG_BANK_2                    
C:   00000018  s_BIT_BANK                      
C:   00000018  s_OSEG                          
C:   00000018  s_REG_BANK_3                    
C:   00000020  s_BSEG_BYTES                    
C:   00000020  s__CODE                         
C:   00000022  l_GSINIT3                       
C:   0000002A  l_GSINIT4                       
C:   00000080  l_DSEG                          
C:   000000F7  l_SSEG                          
ASxxxx Linker V03.00 + NoICE + sdld,  page 2.
Hexadecimal  [32-Bits]

Area                                    Addr        Size        Decimal Bytes (Attributes)
--------------------------------        ----        ----        ------- ----- ------------
CABS                                00000000    00000000 =           0. bytes (ABS,CON,CODE)

      Value  Global                              Global Defined In Module
      -----  --------------------------------   ------------------------
C:   00000100  l_IRAM                          
C:   000003EB  l_CONST                         
C:   0000047D  l_CSEG                          
C:   00001388  l_XSEG                          
C:   00001388  s_XISEG                         
C:   00003000  s_HOME                          
C:   00003009  s_GSINIT0                       
C:   0000300C  s_GSINIT1                       
C:   0000300C  s_GSINIT2                       
C:   00003016  s_GSINIT3                       
C:   00003038  s_GSINIT4                       
C:   00003062  s_GSFINAL                       
C:   00003062  s_GSINIT                        
C:   00003062  s_GSINIT5                       
C:   00003065  s_CSEG                          
C:   000034E2  s_CONST                         
C:   000038CD  s_XINIT                         

ASxxxx Linker V03.00 + NoICE + sdld,  page 3.
Hexadecimal  [32-Bits]

Area                                    Addr        Size        Decimal Bytes (Attributes)
--------------------------------        ----        ----        ------- ----- ------------
.  .ABS.                            00000000    00000000 =           0. bytes (ABS,CON)

      Value  Global                              Global Defined In Module
      -----  --------------------------------   ------------------------
     00000000  .__.ABS.                           _gptrget
     00000080  _P0                                uart
     00000080  _P0_0                              uart
     00000081  _P0_1                              uart
     00000081  _SP                                uart
     00000082  _DP0L                              pca_mode
     00000082  _DPL                               uart
     00000082  _P0_2                              uart
     00000083  _DP0H                              pca_mode
     00000083  _DPH                               uart
     00000083  _P0_3                              uart
     00000084  _P0_4                              uart
     00000085  _P0_5                              uart
     00000086  _P0_6                              uart
     00000087  _P0_7                              uart
     00000087  _PCON                              uart
     00000088  _IT0                               uart
     00000088  _TCON                              uart
     00000089  _IE0                               uart
     00000089  _TMOD                              uart
     0000008A  _IT1                               uart
     0000008A  _TL0                               uart
     0000008B  _IE1                               uart
     0000008B  _TL1                               uart
     0000008C  _TH0                               uart
     0000008C  _TR0                               uart
     0000008D  _TF0                               uart
     0000008D  _TH1                               uart
     0000008E  _AUXR                              uart
     0000008E  _TR1                               uart
     0000008F  _CKCON0                            uart
     0000008F  _TF1                               uart
     00000090  _P1                                uart
     00000090  _P1_0                              uart
     00000091  _P1_1                              uart
     00000092  _P1_2                              uart
     00000093  _P1_3                              uart
     00000094  _P1_4                              uart
     00000095  _P1_5                              uart
     00000096  _P1_6                              uart
     00000097  _CKRL                              uart
     00000097  _P1_7                              uart
     00000098  _RI                                uart
     00000098  _SCON                              uart
     00000099  _SBUF                              uart
     00000099  _SBUF0                             pca_mode
     00000099  _TI                                uart
     0000009A  _BRL                               uart
     0000009A  _RB8                               uart
     0000009B  _BDRCON                            uart
ASxxxx Linker V03.00 + NoICE + sdld,  page 4.
Hexadecimal  [32-Bits]

Area                                    Addr        Size        Decimal Bytes (Attributes)
--------------------------------        ----        ----        ------- ----- ------------
.  .ABS.                            00000000    00000000 =           0. bytes (ABS,CON)

      Value  Global                              Global Defined In Module
      -----  --------------------------------   ------------------------
     0000009B  _TB8                               uart
     0000009C  _KBLS                              uart
     0000009C  _REN                               uart
     0000009D  _KBE                               uart
     0000009D  _SM2                               uart
     0000009E  _KBF                               uart
     0000009E  _SM1                               uart
     0000009F  _SM0                               uart
     000000A0  _P2                                uart
     000000A0  _P2_0                              uart
     000000A0  __XPAGE                            
     000000A1  _P2_1                              uart
     000000A2  _AUXR1                             uart
     000000A2  _P2_2                              uart
     000000A3  _P2_3                              uart
     000000A4  _P2_4                              uart
     000000A5  _P2_5                              uart
     000000A6  _P2_6                              uart
     000000A6  _WDTRST                            uart
     000000A7  _P2_7                              uart
     000000A7  _WDTPRG                            uart
     000000A8  _EX0                               uart
     000000A8  _IE                                uart
     000000A8  _IEN0                              uart
     000000A9  _ET0                               uart
     000000A9  _SADDR                             uart
     000000AA  _EX1                               uart
     000000AB  _ET1                               uart
     000000AC  _ES                                uart
     000000AD  _ET2                               uart
     000000AE  _EC                                uart
     000000AF  _CKCON1                            uart
     000000AF  _EA                                uart
     000000B0  _P3                                uart
     000000B0  _P3_0                              uart
     000000B0  _RXD                               uart
     000000B0  _RXD0                              pca_mode
     000000B1  _IEN1                              uart
     000000B1  _P3_1                              uart
     000000B1  _TXD                               uart
     000000B1  _TXD0                              pca_mode
     000000B2  _INT0                              uart
     000000B2  _IPL1                              uart
     000000B2  _P3_2                              uart
     000000B3  _INT1                              uart
     000000B3  _IPH1                              uart
     000000B3  _P3_3                              uart
     000000B4  _P3_4                              uart
     000000B4  _T0                                uart
     000000B5  _P3_5                              uart
     000000B5  _T1                                uart
ASxxxx Linker V03.00 + NoICE + sdld,  page 5.
Hexadecimal  [32-Bits]

Area                                    Addr        Size        Decimal Bytes (Attributes)
--------------------------------        ----        ----        ------- ----- ------------
.  .ABS.                            00000000    00000000 =           0. bytes (ABS,CON)

      Value  Global                              Global Defined In Module
      -----  --------------------------------   ------------------------
     000000B6  _P3_6                              uart
     000000B6  _WR                                uart
     000000B7  _IPH0                              uart
     000000B7  _P3_7                              uart
     000000B7  _RD                                uart
     000000B8  _IP                                uart
     000000B8  _IPL0                              uart
     000000B8  _PX0                               uart
     000000B8  _PX0L                              uart
     000000B9  _PT0                               uart
     000000B9  _PT0L                              uart
     000000B9  _SADEN                             uart
     000000BA  _PX1                               uart
     000000BA  _PX1L                              uart
     000000BB  _PT1                               uart
     000000BB  _PT1L                              uart
     000000BC  _PS                                uart
     000000BC  _PSL                               uart
     000000BD  _PT2                               uart
     000000BD  _PT2L                              uart
     000000BE  _PPCL                              uart
     000000C0  _P4                                uart
     000000C0  _P4_0                              uart
     000000C1  _P4_1                              uart
     000000C2  _P4_2                              uart
     000000C3  _P4_3                              uart
     000000C3  _SPCON                             uart
     000000C4  _P4_4                              uart
     000000C4  _SPSTA                             uart
     000000C5  _P4_5                              uart
     000000C5  _SPDAT                             uart
     000000C6  _P4_6                              uart
     000000C7  _P4_7                              uart
     000000C8  _CP_RL2                            uart
     000000C8  _T2CON                             uart
     000000C8  _T2CON_0                           uart
     000000C9  _C_T2                              uart
     000000C9  _T2CON_1                           uart
     000000C9  _T2MOD                             uart
     000000CA  _RCAP2L                            uart
     000000CA  _T2CON_2                           uart
     000000CA  _TR2                               uart
     000000CB  _EXEN2                             uart
     000000CB  _RCAP2H                            uart
     000000CB  _T2CON_3                           uart
     000000CC  _T2CON_4                           uart
     000000CC  _TCLK                              uart
     000000CC  _TL2                               uart
     000000CD  _RCLK                              uart
     000000CD  _T2CON_5                           uart
     000000CD  _TH2                               uart
ASxxxx Linker V03.00 + NoICE + sdld,  page 6.
Hexadecimal  [32-Bits]

Area                                    Addr        Size        Decimal Bytes (Attributes)
--------------------------------        ----        ----        ------- ----- ------------
.  .ABS.                            00000000    00000000 =           0. bytes (ABS,CON)

      Value  Global                              Global Defined In Module
      -----  --------------------------------   ------------------------
     000000CE  _EXF2                              uart
     000000CE  _T2CON_6                           uart
     000000CF  _T2CON_7                           uart
     000000CF  _TF2                               uart
     000000D0  _P                                 uart
     000000D0  _PSW                               uart
     000000D1  _F1                                uart
     000000D2  _EECON                             uart
     000000D2  _OV                                uart
     000000D3  _RS0                               uart
     000000D4  _RS1                               uart
     000000D5  _F0                                uart
     000000D6  _AC                                uart
     000000D7  _CY                                uart
     000000D8  _CCF0                              uart
     000000D8  _CCON                              uart
     000000D9  _CCF1                              uart
     000000D9  _CMOD                              uart
     000000DA  _CCAPM0                            uart
     000000DA  _CCF2                              uart
     000000DB  _CCAPM1                            uart
     000000DB  _CCF3                              uart
     000000DC  _CCAPM2                            uart
     000000DC  _CCF4                              uart
     000000DD  _CCAPM3                            uart
     000000DE  _CCAPM4                            uart
     000000DE  _CR                                uart
     000000DF  _CF                                uart
     000000E0  _ACC                               uart
     000000E8  _P5                                uart
     000000E8  _P5_0                              uart
     000000E9  _CL                                uart
     000000E9  _P5_1                              uart
     000000EA  _CCAP0L                            uart
     000000EA  _P5_2                              uart
     000000EB  _CCAP1L                            uart
     000000EB  _P5_3                              uart
     000000EC  _CCAP2L                            uart
     000000EC  _P5_4                              uart
     000000ED  _CCAP3L                            uart
     000000ED  _P5_5                              uart
     000000EE  _CCAP4L                            uart
     000000EE  _P5_6                              uart
     000000EF  _P5_7                              uart
     000000F0  _B                                 uart
     000000F0  _BREG_F0                           pca_mode
     000000F1  _BREG_F1                           pca_mode
     000000F2  _BREG_F2                           pca_mode
     000000F3  _BREG_F3                           pca_mode
     000000F4  _BREG_F4                           pca_mode
     000000F5  _BREG_F5                           pca_mode
ASxxxx Linker V03.00 + NoICE + sdld,  page 7.
Hexadecimal  [32-Bits]

Area                                    Addr        Size        Decimal Bytes (Attributes)
--------------------------------        ----        ----        ------- ----- ------------
.  .ABS.                            00000000    00000000 =           0. bytes (ABS,CON)

      Value  Global                              Global Defined In Module
      -----  --------------------------------   ------------------------
     000000F5  _B_5                               _gptrget
     000000F6  _BREG_F6                           pca_mode
     000000F6  _B_6                               _gptrget
     000000F7  _BREG_F7                           pca_mode
     000000F7  _B_7                               _gptrget
     000000F9  _CH                                uart
     000000FA  _CCAP0H                            uart
     000000FB  _CCAP1H                            uart
     000000FC  _CCAP2H                            uart
     000000FD  _CCAP3H                            uart
     000000FE  _CCAP4H                            uart

ASxxxx Linker V03.00 + NoICE + sdld,  page 8.
Hexadecimal  [32-Bits]

Area                                    Addr        Size        Decimal Bytes (Attributes)
--------------------------------        ----        ----        ------- ----- ------------
REG_BANK_0                          00000000    00000008 =           8. bytes (REL,OVR)

      Value  Global                              Global Defined In Module
      -----  --------------------------------   ------------------------
ASxxxx Linker V03.00 + NoICE + sdld,  page 9.
Hexadecimal  [32-Bits]

Area                                    Addr        Size        Decimal Bytes (Attributes)
--------------------------------        ----        ----        ------- ----- ------------
DSEG                                00000000    00000080 =         128. bytes (REL,CON)

      Value  Global                              Global Defined In Module
      -----  --------------------------------   ------------------------
     00000008  _bp                                _bp

ASxxxx Linker V03.00 + NoICE + sdld,  page 10.
Hexadecimal  [32-Bits]

Area                                    Addr        Size        Decimal Bytes (Attributes)
--------------------------------        ----        ----        ------- ----- ------------
SSEG                                00000009    000000F7 =         247. bytes (REL,OVR)

      Value  Global                              Global Defined In Module
      -----  --------------------------------   ------------------------
     00000009  __start__stack                     main

ASxxxx Linker V03.00 + NoICE + sdld,  page 11.
Hexadecimal  [32-Bits]

Area                                    Addr        Size        Decimal Bytes (Attributes)
--------------------------------        ----        ----        ------- ----- ------------
XSEG                                00000000    00001388 =        5000. bytes (REL,CON,XDATA)

      Value  Global                              Global Defined In Module
      -----  --------------------------------   ------------------------
D:   00000000  ___sdcc_heap                       main

ASxxxx Linker V03.00 + NoICE + sdld,  page 12.
Hexadecimal  [32-Bits]

Area                                    Addr        Size        Decimal Bytes (Attributes)
--------------------------------        ----        ----        ------- ----- ------------
HOME                                00003000    00000009 =           9. bytes (REL,CON,CODE)

      Value  Global                              Global Defined In Module
      -----  --------------------------------   ------------------------
C:   00003006  __sdcc_program_startup             main

ASxxxx Linker V03.00 + NoICE + sdld,  page 13.
Hexadecimal  [32-Bits]

Area                                    Addr        Size        Decimal Bytes (Attributes)
--------------------------------        ----        ----        ------- ----- ------------
GSINIT0                             00003009    00000003 =           3. bytes (REL,CON,CODE)

      Value  Global                              Global Defined In Module
      -----  --------------------------------   ------------------------
C:   00003009  __sdcc_gsinit_startup              

ASxxxx Linker V03.00 + NoICE + sdld,  page 14.
Hexadecimal  [32-Bits]

Area                                    Addr        Size        Decimal Bytes (Attributes)
--------------------------------        ----        ----        ------- ----- ------------
GSINIT2                             0000300C    0000000A =          10. bytes (REL,CON,CODE)

      Value  Global                              Global Defined In Module
      -----  --------------------------------   ------------------------
ASxxxx Linker V03.00 + NoICE + sdld,  page 15.
Hexadecimal  [32-Bits]

Area                                    Addr        Size        Decimal Bytes (Attributes)
--------------------------------        ----        ----        ------- ----- ------------
GSINIT3                             00003016    00000022 =          34. bytes (REL,CON,CODE)

      Value  Global                              Global Defined In Module
      -----  --------------------------------   ------------------------
C:   00003016  __mcs51_genXINIT                   

ASxxxx Linker V03.00 + NoICE + sdld,  page 16.
Hexadecimal  [32-Bits]

Area                                    Addr        Size        Decimal Bytes (Attributes)
--------------------------------        ----        ----        ------- ----- ------------
GSINIT4                             00003038    0000002A =          42. bytes (REL,CON,CODE)

      Value  Global                              Global Defined In Module
      -----  --------------------------------   ------------------------
C:   00003038  __mcs51_genRAMCLEAR                
C:   0000303E  __mcs51_genXRAMCLEAR               

ASxxxx Linker V03.00 + NoICE + sdld,  page 17.
Hexadecimal  [32-Bits]

Area                                    Addr        Size        Decimal Bytes (Attributes)
--------------------------------        ----        ----        ------- ----- ------------
GSFINAL                             00003062    00000003 =           3. bytes (REL,CON,CODE)

      Value  Global                              Global Defined In Module
      -----  --------------------------------   ------------------------
ASxxxx Linker V03.00 + NoICE + sdld,  page 18.
Hexadecimal  [32-Bits]

Area                                    Addr        Size        Decimal Bytes (Attributes)
--------------------------------        ----        ----        ------- ----- ------------
CSEG                                00003065    0000047D =        1149. bytes (REL,CON,CODE)

      Value  Global                              Global Defined In Module
      -----  --------------------------------   ------------------------
C:   00003065  __sdcc_external_startup            main
C:   0000306F  _external_interrupt_Init           main
C:   00003074  _isr_zero                          main
C:   00003075  _main                              main
C:   0000314E  _menu                              menu
C:   00003212  _PWM_Init                          pca_mode
C:   00003228  _WDT_Init                          pca_mode
C:   00003237  _HSO_Init                          pca_mode
C:   00003249  _start_pwm                         pca_mode
C:   0000325C  _stop_pwm                          pca_mode
C:   0000326F  _set_min_frequency                 pca_mode
C:   00003282  _set_max_frequency                 pca_mode
C:   00003295  _set_power_idle_mode               pca_mode
C:   000032A8  _clear_power_idle_mode             pca_mode
C:   000032BB  _set_power_down_mode               pca_mode
C:   000032CE  _clear_power_down_mode             pca_mode
C:   000032E1  _start_watchdog_timer              pca_mode
C:   000032F7  _stop_watchdog_timer               pca_mode
C:   0000330D  _enable_highspeed_output           pca_mode
C:   00003320  _disable_highspeed_output          pca_mode
C:   00003333  _putchar                           uart
C:   00003343  _getchar                           uart
C:   00003351  _putstr                            uart
C:   00003398  _echo                              uart
C:   000033BD  _printf_tiny                       printf_tiny
C:   000034C6  __gptrget                          _gptrget

ASxxxx Linker V03.00 + NoICE + sdld,  page 19.
Hexadecimal  [32-Bits]

Area                                    Addr        Size        Decimal Bytes (Attributes)
--------------------------------        ----        ----        ------- ----- ------------
CONST                               000034E2    000003EB =        1003. bytes (REL,CON,CODE)

      Value  Global                              Global Defined In Module
      -----  --------------------------------   ------------------------
C:   000034E2  ___sdcc_heap_size                  main

ASxxxx Linker V03.00 + NoICE + sdld,  page 20.

Files Linked                              [ module(s) ]

obj\Release\main.rel                      [  ]
obj\Release\menu.rel                      [  ]
obj\Release\pca_mode.rel                  [  ]
obj\Release\uart.rel                      [  ]


Libraries Linked                          [ object file ]

C:\Program Files\SDCC\bin\..\lib\small/mcs51.lib
                                          [ crtclear.rel ]
C:\Program Files\SDCC\bin\..\lib\small/mcs51.lib
                                          [ crtxinit.rel ]
C:\Program Files\SDCC\bin\..\lib\small/libsdcc.lib
                                          [ printf_tiny.rel ]
C:\Program Files\SDCC\bin\..\lib\small/mcs51.lib
                                          [ crtxclear.rel ]
C:\Program Files\SDCC\bin\..\lib\small/libsdcc.lib
                                          [ _bp.rel ]
C:\Program Files\SDCC\bin\..\lib\small/mcs51.lib
                                          [ crtpagesfr.rel ]
C:\Program Files\SDCC\bin\..\lib\small/mcs51.lib
                                          [ crtstart.rel ]
C:\Program Files\SDCC\bin\..\lib\small/libsdcc.lib
                                          [ _gptrget.rel ]

ASxxxx Linker V03.00 + NoICE + sdld,  page 21.

User Base Address Definitions

HOME = 0x3000
ISEG = 0x0000
BSEG = 0x0000

